// Jest Snapshot v1, https://goo.gl/fbAQLP

exports[`Dashboard service attempts to add an app that do not exist 1`] = `"dashboardService.addAppFromHosts is not a function"`;

exports[`Dashboard service attempts to remove an app that do not exist 1`] = `"The app A do not exist in the dashboard."`;

exports[`Dashboard service throws an error when trying to get the top apps of a unexisting host 1`] = `"The host identified by \\"unexisting.host.com do not exist.\\""`;
